// Jest Snapshot v1, https://goo.gl/fbAQLP

exports[`should correctly render LoginPage 1`] = `
<div
  className="box-layout"
>
  <div
    className="box-layout-box"
  >
    <h1
      className="box-layout-title"
    >
      Expensify
    </h1>
    <p>
      It's time to get your expenses under control.
    </p>
    <button
      className="button"
    >
      Login with Google
    </button>
  </div>
</div>
`;
